// Jest Snapshot v1, https://goo.gl/fbAQLP

exports[`PrivateRoute is rendered correctly 1`] = `null`;
