// Jest Snapshot v1, https://goo.gl/fbAQLP

exports[`FilmOverview is rendered correctly 1`] = `
<div>
  <div
    className="movie-rating"
  >
    <div
      className="movie-rating__score"
    >
      7.2
    </div>
    <p
      className="movie-rating__meta"
    >
      <span
        className="movie-rating__level"
      >
        Good
      </span>
      <span
        className="movie-rating__count"
      >
        248
         ratings
      </span>
    </p>
  </div>
  <div
    className="movie-card__text"
  >
    <p>
      In the 1930s, the Grand Budapest Hotel is a popular European ski resort, presided over by concierge Gustave H. (Ralph Fiennes). Zero, a junior lobby boy, becomes Gustave's friend and protege.
    </p>
    <p
      className="movie-card__director"
    >
      <strong>
        Director: 
        David Yates
      </strong>
    </p>
    <p
      className="movie-card__starring"
    >
      <strong>
        Starring: 
        Eddie Redmayne, Katherine Waterson, Dan Folger
         and other
      </strong>
    </p>
  </div>
</div>
`;
