// Jest Snapshot v1, https://goo.gl/fbAQLP

exports[`withValidation is rendered correctly 1`] = `<article />`;
