// Jest Snapshot v1, https://goo.gl/fbAQLP

exports[`Header is rendered correctly 1`] = `
<header
  className="page-header class"
>
  <div
    className="logo"
  >
    <a
      className="logo__link"
      href="/"
      onClick={[Function]}
    >
      <span
        className="logo__letter logo__letter--1"
      >
        W
      </span>
      <span
        className="logo__letter logo__letter--2"
      >
        T
      </span>
      <span
        className="logo__letter logo__letter--3"
      >
        W
      </span>
    </a>
  </div>
  <div />
  <div
    className="user-block"
  >
    <a
      className="user-block__link"
      href="/mylist"
      onClick={[Function]}
    >
      Sign In
    </a>
  </div>
</header>
`;
