// Jest Snapshot v1, https://goo.gl/fbAQLP

exports[`withForm is rendered correctly 1`] = `<div />`;
